// Jest Snapshot v1, https://goo.gl/fbAQLP

exports[`Background matches snapshot 1`] = `ShallowWrapper {}`;
